src/components/VideoPlayer.tsx(4,17): error TS2307: Cannot find module 'hls.js' or its corresponding type declarations.
